
> frontend@0.1.0 build
> react-scripts build

Creating an optimized production build...
Compiled with warnings.

[eslint] 
src\Components\ManagedByAutofinder.jsx
  Line 70:19:  'isActive' is assigned a value but never used    no-unused-vars
  Line 73:19:  'isApproved' is assigned a value but never used  no-unused-vars

src\Pages\Auth.jsx
  Line 35:12:  'showSignUpPassword' is assigned a value but never used      no-unused-vars
  Line 35:32:  'setShowSignUpPassword' is assigned a value but never used   no-unused-vars
  Line 36:12:  'showConfirmPassword' is assigned a value but never used     no-unused-vars
  Line 36:33:  'setShowConfirmPassword' is assigned a value but never used  no-unused-vars

src\Pages\BoostAd.jsx
  Line 36:6:  React Hook useEffect has a missing dependency: 'fetchUserAds'. Either include it or remove the dependency array  react-hooks/exhaustive-deps

src\Pages\EditAd.jsx
  Line 433:6:  React Hook useEffect has a missing dependency: 'fetchAdData'. Either include it or remove the dependency array  react-hooks/exhaustive-deps

src\Pages\Home.jsx
  Line 6:3:     'FaStar' is defined but never used                    no-unused-vars
  Line 9:3:     'FaGift' is defined but never used                    no-unused-vars
  Line 11:3:    'FaClipboardList' is defined but never used           no-unused-vars
  Line 12:3:    'FaClipboardCheck' is defined but never used          no-unused-vars
  Line 13:3:    'FaCarSide' is defined but never used                 no-unused-vars
  Line 14:3:    'FaRocket' is defined but never used                  no-unused-vars
  Line 15:3:    'FaCrown' is defined but never used                   no-unused-vars
  Line 16:3:    'FaRobot' is defined but never used                   no-unused-vars
  Line 17:3:    'FaTasks' is defined but never used                   no-unused-vars
  Line 18:3:    'FaMicroscope' is defined but never used              no-unused-vars
  Line 19:3:    'FaKey' is defined but never used                     no-unused-vars
  Line 23:3:    'FaBrain' is defined but never used                   no-unused-vars
  Line 125:10:  'verifiedSellers' is assigned a value but never used  no-unused-vars

src\Pages\LatestCars.jsx
  Line 71:9:  'cityScrollRef' is assigned a value but never used  no-unused-vars

src\Pages\MyAds.jsx
  Line 1:38:  'useRef' is defined but never used  no-unused-vars

src\Pages\MyPackages.jsx
  Line 18:6:   React Hook useEffect has a missing dependency: 'fetchUserPackages'. Either include it or remove the dependency array  react-hooks/exhaustive-deps
  Line 81:76:  Unexpected mix of '||' and '&&'. Use parentheses to clarify the intended order of operations                          no-mixed-operators
  Line 81:94:  Unexpected mix of '||' and '&&'. Use parentheses to clarify the intended order of operations                          no-mixed-operators

src\Pages\PackageDetail.jsx
  Line 17:6:  React Hook useEffect has a missing dependency: 'fetchPackageDetails'. Either include it or remove the dependency array  react-hooks/exhaustive-deps

src\Pages\PaymentReceipt.jsx
  Line 28:6:  React Hook useEffect has missing dependencies: 'fetchPackageData' and 'packageData'. Either include them or remove the dependency array  react-hooks/exhaustive-deps

src\Pages\RentCar.jsx
  Line 4:25:   'FaTimes' is defined but never used              no-unused-vars
  Line 380:9:  'purchaseId' is assigned a value but never used  no-unused-vars

src\Pages\SearchCars.jsx
  Line 68:9:  'cityScrollRef' is assigned a value but never used  no-unused-vars

src\Pages\SellBike.jsx
  Line 398:6:  React Hook useEffect has a missing dependency: 'selectedPackage'. Either include it or remove the dependency array  react-hooks/exhaustive-deps

src\Pages\SellCar.jsx
  Line 1:46:    'useMemo' is defined but never used                                                                                       no-unused-vars
  Line 441:6:   React Hook useEffect has a missing dependency: 'selectedService'. Either include it or remove the dependency array        react-hooks/exhaustive-deps
  Line 468:6:   React Hook useEffect has a missing dependency: 'selectedPackage'. Either include it or remove the dependency array        react-hooks/exhaustive-deps
  Line 476:6:   React Hook useEffect has a missing dependency: 'selectedListItPackage'. Either include it or remove the dependency array  react-hooks/exhaustive-deps
  Line 687:10:  'checkingFreeAdLimit' is assigned a value but never used                                                                  no-unused-vars

src\Pages\UsedCars.jsx
  Line 4:122:  'FaBoxes' is defined but never used                 no-unused-vars
  Line 4:131:  'FaFlag' is defined but never used                  no-unused-vars
  Line 4:139:  'FaTruck' is defined but never used                 no-unused-vars
  Line 4:148:  'FaCarSide' is defined but never used               no-unused-vars
  Line 72:9:   'cityScrollRef' is assigned a value but never used  no-unused-vars
  Line 794:9:  'formatPrice' is assigned a value but never used    no-unused-vars

Search for the keywords to learn more about each warning.
To ignore, add // eslint-disable-next-line to the line before.

File sizes after gzip:

  222.62 kB  build\static\js\main.12b522ec.js
  15.5 kB    build\static\css\main.10edf353.css
  1.77 kB    build\static\js\453.8ab44547.chunk.js

The project was built assuming it is hosted at /.
You can control this with the homepage field in your package.json.

The build folder is ready to be deployed.
You may serve it with a static server:

  serve -s build

Find out more about deployment here:

  https://cra.link/deployment

